// Jest Snapshot v1, https://goo.gl/fbAQLP

exports[`renders a drop down when clicked 1`] = `
<h2>
  Games
</h2>
`;
