// Jest Snapshot v1, https://goo.gl/fbAQLP

exports[`renders a drop down when clicked 1`] = `
<div>
  <button
    className="game-button"
    onClick={[Function]}
  >
    amongus
  </button>
</div>
`;
